---
source: src/main.rs
assertion_line: 215
expression: result
---
<!DOCTYPE html>
<html lang="en">
    <meta charset="UTF-8">
    <title>Report</title>
    <meta name="viewport" content="width=device-width,initial-scale=1">
    <body>
        Difference: N/A
        <table>
        
            <tr>
                <td> Domov </td>
                <td> 600.0 </td>
            </tr>
        
            <tr>
                <td> Ostatní </td>
                <td> 200.0 </td>
            </tr>
        
            <tr>
                <td> Volný čas </td>
                <td> -400.0 </td>
            </tr>
        
            <tr>
                <td> Koloniál </td>
                <td> -899.5 </td>
            </tr>
        
        </table>
    </body>
</html>
