---
source: src/view.rs
assertion_line: 34
expression: result
---
<!DOCTYPE html>
<html lang="en">
    <meta charset="UTF-8">
    <title>Comparison</title>
    <meta name="viewport" content="width=device-width,initial-scale=1">
    <body>
        foreach items in item
            <div> variable:  item.name  </div>
        end
    </body>
</html>
